[crestcollege.netlify.app/index.html]
[backblue.gif]
[fade.gif]
[index.html]
[crestcollege.netlify.app/fonts/icomoon/style.css]
[crestcollege.netlify.app/css/bootstrap.min.css]
[crestcollege.netlify.app/css/jquery-ui.css]
[crestcollege.netlify.app/fonts/flaticon/font/flaticon.css]
[crestcollege.netlify.app/css/aos.css]
[crestcollege.netlify.app/css/style.css]
[crestcollege.netlify.app/index-2.html]
[crestcollege.netlify.app/images/hero_1.jpg]
[crestcollege.netlify.app/course-single.8.delayed]
[crestcollege.netlify.app/images/img_1.jpg]
[crestcollege.netlify.app/images/img_2.jpg]
[crestcollege.netlify.app/images/img_3.jpg]
[crestcollege.netlify.app/images/img_4.jpg]
[crestcollege.netlify.app/images/img_5.jpg]
[crestcollege.netlify.app/images/img_6.jpg]
[crestcollege.netlify.app/images/undraw_youtube_tutorial.svg]
[crestcollege.netlify.app/images/undraw_teaching.svg]
[crestcollege.netlify.app/images/undraw_teacher.svg]
[crestcollege.netlify.app/images/person_1.jpg]
[crestcollege.netlify.app/images/person_2.jpg]
[crestcollege.netlify.app/images/person_3.jpg]
[crestcollege.netlify.app/images/person_transparent.png]
[crestcollege.netlify.app/js/jquery-3.3.1.min.18.delayed]
[crestcollege.netlify.app/js/jquery-ui.js]
[crestcollege.netlify.app/js/bootstrap.min.js]
[crestcollege.netlify.app/js/aos.js]
[crestcollege.netlify.app/index.html]
[crestcollege.netlify.app/js/main.js]
[crestcollege.netlify.app/fonts/icomoon/fonts/icomoon1a44.eot]
[crestcollege.netlify.app/fonts/icomoon/fonts/icomoon1a44.ttf]
[crestcollege.netlify.app/fonts/icomoon/fonts/icomoon1a44.woff]
[crestcollege.netlify.app/fonts/icomoon/style.css]
[crestcollege.netlify.app/css/bootstrap.min.css]
[crestcollege.netlify.app/fonts/icomoon/fonts/icomoon1a44.svg]
[crestcollege.netlify.app/css/images/ui-bg_gloss-wave_55_5c9ccc_500x100.21.delayed]
[crestcollege.netlify.app/css/images/ui-bg_glass_85_dfeffc_1x400.22.delayed]
[crestcollege.netlify.app/css/images/ui-bg_glass_75_d0e5f5_1x400.23.delayed]
[crestcollege.netlify.app/css/images/ui-bg_inset-hard_100_f5f8f9_1x100.24.delayed]
[crestcollege.netlify.app/css/images/ui-bg_glass_95_fef1ec_1x400.25.delayed]
[crestcollege.netlify.app/css/images/ui-icons_469bdd_256x240.26.delayed]
[crestcollege.netlify.app/css/images/ui-icons_d8e7f3_256x240.27.delayed]
[crestcollege.netlify.app/css/images/ui-icons_6da8d5_256x240.28.delayed]
[crestcollege.netlify.app/css/images/ui-icons_217bc0_256x240.29.delayed]
[crestcollege.netlify.app/css/images/ui-icons_f9bd01_256x240.2a.delayed]
[crestcollege.netlify.app/css/images/ui-icons_2e83ff_256x240.2b.delayed]
[crestcollege.netlify.app/css/images/ui-icons_cd0a0a_256x240.2c.delayed]
[crestcollege.netlify.app/css/jquery-ui.css]
[crestcollege.netlify.app/fonts/flaticon/font/Flaticon.eot]
[crestcollege.netlify.app/fonts/flaticon/font/Flaticond41d.eot]
[crestcollege.netlify.app/fonts/flaticon/font/Flaticon.woff2]
[crestcollege.netlify.app/fonts/flaticon/font/Flaticon.woff]
[crestcollege.netlify.app/fonts/flaticon/font/Flaticon.ttf]
[crestcollege.netlify.app/fonts/flaticon/font/flaticon.css]
[crestcollege.netlify.app/css/aos.css]
[crestcollege.netlify.app/css/style.css]
[crestcollege.netlify.app/index-2.html]
[crestcollege.netlify.app/course-single.html]
[crestcollege.netlify.app/images/undraw_youtube_tutorial.svg]
[crestcollege.netlify.app/images/undraw_teaching.svg]
[crestcollege.netlify.app/images/undraw_teacher.svg]
[crestcollege.netlify.app/images/blob_2.svg]
[crestcollege.netlify.app/images/blob_1.svg]
[crestcollege.netlify.app/js/jquery-3.3.1.min.html]
[crestcollege.netlify.app/fonts/icomoon/fonts/icomoon1a44.svg]
[crestcollege.netlify.app/css/images/ui-bg_gloss-wave_55_5c9ccc_500x100.html]
[crestcollege.netlify.app/css/images/ui-bg_glass_85_dfeffc_1x400.html]
[crestcollege.netlify.app/css/images/ui-bg_glass_75_d0e5f5_1x400.html]
[crestcollege.netlify.app/css/images/ui-bg_inset-hard_100_f5f8f9_1x100.html]
[crestcollege.netlify.app/css/images/ui-bg_glass_95_fef1ec_1x400.html]
[crestcollege.netlify.app/css/images/ui-icons_469bdd_256x240.html]
[crestcollege.netlify.app/css/images/ui-icons_d8e7f3_256x240.html]
[crestcollege.netlify.app/css/images/ui-icons_6da8d5_256x240.html]
[crestcollege.netlify.app/css/images/ui-icons_217bc0_256x240.html]
[crestcollege.netlify.app/css/images/ui-icons_f9bd01_256x240.html]
[crestcollege.netlify.app/css/images/ui-icons_2e83ff_256x240.html]
[crestcollege.netlify.app/css/images/ui-icons_cd0a0a_256x240.html]
[crestcollege.netlify.app/fonts/flaticon/font/Flaticon.svg]
[crestcollege.netlify.app/fonts/flaticon/font/Flaticon.svg]
